Archive member included to satisfy reference by file (symbol)

e:/atmel studio/7.0/toolchain/avr8/avr8-gnu-toolchain/bin/../lib/gcc/avr/4.9.2/avrtiny\libgcc.a(_exit.o)
                              E:/ATMEL Studio/7.0/Packs/atmel/ATtiny_DFP/1.1.102/gcc/dev/attiny4/avrtiny/crtattiny4.o (exit)
e:/atmel studio/7.0/toolchain/avr8/avr8-gnu-toolchain/bin/../lib/gcc/avr/4.9.2/avrtiny\libgcc.a(_clear_bss.o)
                              Functionality.o (__do_clear_bss)

Discarded input sections

 .data          0x00000000        0x0 E:/ATMEL Studio/7.0/Packs/atmel/ATtiny_DFP/1.1.102/gcc/dev/attiny4/avrtiny/crtattiny4.o
 .bss           0x00000000        0x0 E:/ATMEL Studio/7.0/Packs/atmel/ATtiny_DFP/1.1.102/gcc/dev/attiny4/avrtiny/crtattiny4.o
 .text          0x00000000        0x0 Functionality.o
 .data          0x00000000        0x0 Functionality.o
 .bss           0x00000000        0x0 Functionality.o
 .text          0x00000000        0x0 main.o
 .data          0x00000000        0x0 main.o
 .bss           0x00000000        0x0 main.o
 .text          0x00000000        0x0 e:/atmel studio/7.0/toolchain/avr8/avr8-gnu-toolchain/bin/../lib/gcc/avr/4.9.2/avrtiny\libgcc.a(_exit.o)
 .data          0x00000000        0x0 e:/atmel studio/7.0/toolchain/avr8/avr8-gnu-toolchain/bin/../lib/gcc/avr/4.9.2/avrtiny\libgcc.a(_exit.o)
 .bss           0x00000000        0x0 e:/atmel studio/7.0/toolchain/avr8/avr8-gnu-toolchain/bin/../lib/gcc/avr/4.9.2/avrtiny\libgcc.a(_exit.o)
 .text.libgcc.mul
                0x00000000        0x0 e:/atmel studio/7.0/toolchain/avr8/avr8-gnu-toolchain/bin/../lib/gcc/avr/4.9.2/avrtiny\libgcc.a(_exit.o)
 .text.libgcc.div
                0x00000000        0x0 e:/atmel studio/7.0/toolchain/avr8/avr8-gnu-toolchain/bin/../lib/gcc/avr/4.9.2/avrtiny\libgcc.a(_exit.o)
 .text.libgcc.prologue
                0x00000000        0x0 e:/atmel studio/7.0/toolchain/avr8/avr8-gnu-toolchain/bin/../lib/gcc/avr/4.9.2/avrtiny\libgcc.a(_exit.o)
 .text.libgcc   0x00000000        0x0 e:/atmel studio/7.0/toolchain/avr8/avr8-gnu-toolchain/bin/../lib/gcc/avr/4.9.2/avrtiny\libgcc.a(_exit.o)
 .text.libgcc.builtins
                0x00000000        0x0 e:/atmel studio/7.0/toolchain/avr8/avr8-gnu-toolchain/bin/../lib/gcc/avr/4.9.2/avrtiny\libgcc.a(_exit.o)
 .text.libgcc.fmul
                0x00000000        0x0 e:/atmel studio/7.0/toolchain/avr8/avr8-gnu-toolchain/bin/../lib/gcc/avr/4.9.2/avrtiny\libgcc.a(_exit.o)
 .text.libgcc.fixed
                0x00000000        0x0 e:/atmel studio/7.0/toolchain/avr8/avr8-gnu-toolchain/bin/../lib/gcc/avr/4.9.2/avrtiny\libgcc.a(_exit.o)
 .text          0x00000000        0x0 e:/atmel studio/7.0/toolchain/avr8/avr8-gnu-toolchain/bin/../lib/gcc/avr/4.9.2/avrtiny\libgcc.a(_clear_bss.o)
 .data          0x00000000        0x0 e:/atmel studio/7.0/toolchain/avr8/avr8-gnu-toolchain/bin/../lib/gcc/avr/4.9.2/avrtiny\libgcc.a(_clear_bss.o)
 .bss           0x00000000        0x0 e:/atmel studio/7.0/toolchain/avr8/avr8-gnu-toolchain/bin/../lib/gcc/avr/4.9.2/avrtiny\libgcc.a(_clear_bss.o)
 .text.libgcc.mul
                0x00000000        0x0 e:/atmel studio/7.0/toolchain/avr8/avr8-gnu-toolchain/bin/../lib/gcc/avr/4.9.2/avrtiny\libgcc.a(_clear_bss.o)
 .text.libgcc.div
                0x00000000        0x0 e:/atmel studio/7.0/toolchain/avr8/avr8-gnu-toolchain/bin/../lib/gcc/avr/4.9.2/avrtiny\libgcc.a(_clear_bss.o)
 .text.libgcc.prologue
                0x00000000        0x0 e:/atmel studio/7.0/toolchain/avr8/avr8-gnu-toolchain/bin/../lib/gcc/avr/4.9.2/avrtiny\libgcc.a(_clear_bss.o)
 .text.libgcc   0x00000000        0x0 e:/atmel studio/7.0/toolchain/avr8/avr8-gnu-toolchain/bin/../lib/gcc/avr/4.9.2/avrtiny\libgcc.a(_clear_bss.o)
 .text.libgcc.builtins
                0x00000000        0x0 e:/atmel studio/7.0/toolchain/avr8/avr8-gnu-toolchain/bin/../lib/gcc/avr/4.9.2/avrtiny\libgcc.a(_clear_bss.o)
 .text.libgcc.fmul
                0x00000000        0x0 e:/atmel studio/7.0/toolchain/avr8/avr8-gnu-toolchain/bin/../lib/gcc/avr/4.9.2/avrtiny\libgcc.a(_clear_bss.o)
 .text.libgcc.fixed
                0x00000000        0x0 e:/atmel studio/7.0/toolchain/avr8/avr8-gnu-toolchain/bin/../lib/gcc/avr/4.9.2/avrtiny\libgcc.a(_clear_bss.o)

Memory Configuration

Name             Origin             Length             Attributes
text             0x00000000         0x00001000         xr
data             0x00800040         0x00000100         rw !x
config           0x00820000         0x00000000         rw !x
lock             0x00830000         0x00000002         rw !x
signature        0x00840000         0x00000004         rw !x
*default*        0x00000000         0xffffffff

Linker script and memory map

LOAD E:/ATMEL Studio/7.0/Packs/atmel/ATtiny_DFP/1.1.102/gcc/dev/attiny4/avrtiny/crtattiny4.o
LOAD Functionality.o
LOAD main.o
START GROUP
LOAD e:/atmel studio/7.0/toolchain/avr8/avr8-gnu-toolchain/bin/../lib/gcc/avr/4.9.2/../../../../avr/lib/avrtiny\libm.a
END GROUP
START GROUP
LOAD e:/atmel studio/7.0/toolchain/avr8/avr8-gnu-toolchain/bin/../lib/gcc/avr/4.9.2/avrtiny\libgcc.a
LOAD e:/atmel studio/7.0/toolchain/avr8/avr8-gnu-toolchain/bin/../lib/gcc/avr/4.9.2/../../../../avr/lib/avrtiny\libm.a
LOAD e:/atmel studio/7.0/toolchain/avr8/avr8-gnu-toolchain/bin/../lib/gcc/avr/4.9.2/../../../../avr/lib/avrtiny\libc.a
LOAD E:/ATMEL Studio/7.0/Packs/atmel/ATtiny_DFP/1.1.102/gcc/dev/attiny4/avrtiny\libattiny4.a
END GROUP
                0x00001000                __TEXT_REGION_LENGTH__ = DEFINED (__TEXT_REGION_LENGTH__)?__TEXT_REGION_LENGTH__:0x1000
                0x00000100                __DATA_REGION_LENGTH__ = DEFINED (__DATA_REGION_LENGTH__)?__DATA_REGION_LENGTH__:0x100
                [0x00000000]                __FUSE_REGION_LENGTH__ = DEFINED (__FUSE_REGION_LENGTH__)?__FUSE_REGION_LENGTH__:0x2
                0x00000002                __LOCK_REGION_LENGTH__ = DEFINED (__LOCK_REGION_LENGTH__)?__LOCK_REGION_LENGTH__:0x2
                0x00000004                __SIGNATURE_REGION_LENGTH__ = DEFINED (__SIGNATURE_REGION_LENGTH__)?__SIGNATURE_REGION_LENGTH__:0x4

.hash
 *(.hash)

.dynsym
 *(.dynsym)

.dynstr
 *(.dynstr)

.gnu.version
 *(.gnu.version)

.gnu.version_d
 *(.gnu.version_d)

.gnu.version_r
 *(.gnu.version_r)

.rel.init
 *(.rel.init)

.rela.init
 *(.rela.init)

.rel.text
 *(.rel.text)
 *(.rel.text.*)
 *(.rel.gnu.linkonce.t*)

.rela.text
 *(.rela.text)
 *(.rela.text.*)
 *(.rela.gnu.linkonce.t*)

.rel.fini
 *(.rel.fini)

.rela.fini
 *(.rela.fini)

.rel.rodata
 *(.rel.rodata)
 *(.rel.rodata.*)
 *(.rel.gnu.linkonce.r*)

.rela.rodata
 *(.rela.rodata)
 *(.rela.rodata.*)
 *(.rela.gnu.linkonce.r*)

.rel.data
 *(.rel.data)
 *(.rel.data.*)
 *(.rel.gnu.linkonce.d*)

.rela.data
 *(.rela.data)
 *(.rela.data.*)
 *(.rela.gnu.linkonce.d*)

.rel.ctors
 *(.rel.ctors)

.rela.ctors
 *(.rela.ctors)

.rel.dtors
 *(.rel.dtors)

.rela.dtors
 *(.rela.dtors)

.rel.got
 *(.rel.got)

.rela.got
 *(.rela.got)

.rel.bss
 *(.rel.bss)

.rela.bss
 *(.rela.bss)

.rel.plt
 *(.rel.plt)

.rela.plt
 *(.rela.plt)

.text           0x00000000      0x1d4
 *(.vectors)
 .vectors       0x00000000       0x14 E:/ATMEL Studio/7.0/Packs/atmel/ATtiny_DFP/1.1.102/gcc/dev/attiny4/avrtiny/crtattiny4.o
                0x00000000                __vector_default
                0x00000000                __vectors
 *(.vectors)
 *(.progmem.gcc*)
                0x00000014                . = ALIGN (0x2)
                0x00000014                __trampolines_start = .
 *(.trampolines)
 .trampolines   0x00000014        0x0 linker stubs
 *(.trampolines*)
                0x00000014                __trampolines_end = .
 *libprintf_flt.a:*(.progmem.data)
 *libc.a:*(.progmem.data)
 *(.progmem*)
                0x00000014                . = ALIGN (0x2)
 *(.jumptables)
 *(.jumptables*)
 *(.lowtext)
 *(.lowtext*)
                0x00000014                __ctors_start = .
 *(.ctors)
                0x00000014                __ctors_end = .
                0x00000014                __dtors_start = .
 *(.dtors)
                0x00000014                __dtors_end = .
 SORT(*)(.ctors)
 SORT(*)(.dtors)
 *(.init0)
 .init0         0x00000014        0x0 E:/ATMEL Studio/7.0/Packs/atmel/ATtiny_DFP/1.1.102/gcc/dev/attiny4/avrtiny/crtattiny4.o
                0x00000014                __init
 *(.init0)
 *(.init1)
 *(.init1)
 *(.init2)
 .init2         0x00000014        0xc E:/ATMEL Studio/7.0/Packs/atmel/ATtiny_DFP/1.1.102/gcc/dev/attiny4/avrtiny/crtattiny4.o
 *(.init2)
 *(.init3)
 *(.init3)
 *(.init4)
 .init4         0x00000020       0x10 e:/atmel studio/7.0/toolchain/avr8/avr8-gnu-toolchain/bin/../lib/gcc/avr/4.9.2/avrtiny\libgcc.a(_clear_bss.o)
                0x00000020                __do_clear_bss
 *(.init4)
 *(.init5)
 *(.init5)
 *(.init6)
 *(.init6)
 *(.init7)
 *(.init7)
 *(.init8)
 *(.init8)
 *(.init9)
 .init9         0x00000030        0x4 E:/ATMEL Studio/7.0/Packs/atmel/ATtiny_DFP/1.1.102/gcc/dev/attiny4/avrtiny/crtattiny4.o
 *(.init9)
 *(.text)
 .text          0x00000034        0x2 E:/ATMEL Studio/7.0/Packs/atmel/ATtiny_DFP/1.1.102/gcc/dev/attiny4/avrtiny/crtattiny4.o
                0x00000034                __vector_6
                0x00000034                __vector_3
                0x00000034                __vector_7
                0x00000034                __vector_4
                0x00000034                __vector_9
                0x00000034                __vector_2
                0x00000034                __vector_8
                0x00000034                __bad_interrupt
                0x00000036                . = ALIGN (0x2)
 *(.text.*)
 .text.attiny4_init
                0x00000036       0x48 Functionality.o
                0x00000036                attiny4_init
 .text.mainApplication
                0x0000007e       0x8e Functionality.o
                0x0000007e                mainApplication
 .text.__vector_1
                0x0000010c       0x74 Functionality.o
                0x0000010c                __vector_1
 .text.__vector_5
                0x00000180       0x4a Functionality.o
                0x00000180                __vector_5
 .text.startup.main
                0x000001ca        0x6 main.o
                0x000001ca                main
                0x000001d0                . = ALIGN (0x2)
 *(.fini9)
 .fini9         0x000001d0        0x0 e:/atmel studio/7.0/toolchain/avr8/avr8-gnu-toolchain/bin/../lib/gcc/avr/4.9.2/avrtiny\libgcc.a(_exit.o)
                0x000001d0                _exit
                0x000001d0                exit
 *(.fini9)
 *(.fini8)
 *(.fini8)
 *(.fini7)
 *(.fini7)
 *(.fini6)
 *(.fini6)
 *(.fini5)
 *(.fini5)
 *(.fini4)
 *(.fini4)
 *(.fini3)
 *(.fini3)
 *(.fini2)
 *(.fini2)
 *(.fini1)
 *(.fini1)
 *(.fini0)
 .fini0         0x000001d0        0x4 e:/atmel studio/7.0/toolchain/avr8/avr8-gnu-toolchain/bin/../lib/gcc/avr/4.9.2/avrtiny\libgcc.a(_exit.o)
 *(.fini0)
                0x000001d4                _etext = .

.data           0x00800040        0x0 load address 0x000001d4
                [!provide]                PROVIDE (__data_start, .)
 *(.data)
 *(.data*)
 *(.rodata)
 *(.rodata*)
 *(.gnu.linkonce.d*)
                0x00800040                . = ALIGN (0x2)
                0x00800040                _edata = .
                [!provide]                PROVIDE (__data_end, .)

.bss            0x00800040        0x6
                0x00800040                PROVIDE (__bss_start, .)
 *(.bss)
 *(.bss*)
 .bss.gu8_systemStatus
                0x00800040        0x1 Functionality.o
                0x00800040                gu8_systemStatus
 .bss.gu8_voltageCheckTrials
                0x00800041        0x1 Functionality.o
                0x00800041                gu8_voltageCheckTrials
 .bss.gu16_checkCounter
                0x00800042        0x2 Functionality.o
                0x00800042                gu16_checkCounter
 .bss.gu16_switchCounter
                0x00800044        0x2 Functionality.o
                0x00800044                gu16_switchCounter
 *(COMMON)
                0x00800046                PROVIDE (__bss_end, .)
                0x000001d4                __data_load_start = LOADADDR (.data)
                0x000001d4                __data_load_end = (__data_load_start + SIZEOF (.data))

.noinit         0x00800046        0x0
                [!provide]                PROVIDE (__noinit_start, .)
 *(.noinit*)
                [!provide]                PROVIDE (__noinit_end, .)
                0x00800046                _end = .
                [!provide]                PROVIDE (__heap_start, .)

.lock
 *(.lock*)

.signature
 *(.signature*)

.config
 *(.config*)

.stab
 *(.stab)

.stabstr
 *(.stabstr)

.stab.excl
 *(.stab.excl)

.stab.exclstr
 *(.stab.exclstr)

.stab.index
 *(.stab.index)

.stab.indexstr
 *(.stab.indexstr)

.comment        0x00000000       0x30
 *(.comment)
 .comment       0x00000000       0x30 Functionality.o
                                 0x31 (size before relaxing)
 .comment       0x00000030       0x31 main.o

.note.gnu.avr.deviceinfo
                0x00000000       0x3c
 .note.gnu.avr.deviceinfo
                0x00000000       0x3c E:/ATMEL Studio/7.0/Packs/atmel/ATtiny_DFP/1.1.102/gcc/dev/attiny4/avrtiny/crtattiny4.o

.note.gnu.build-id
 *(.note.gnu.build-id)

.debug
 *(.debug)

.line
 *(.line)

.debug_srcinfo
 *(.debug_srcinfo)

.debug_sfnames
 *(.debug_sfnames)

.debug_aranges
 *(.debug_aranges)

.debug_pubnames
 *(.debug_pubnames)

.debug_info     0x00000000      0x2ab
 *(.debug_info .gnu.linkonce.wi.*)
 .debug_info    0x00000000      0x2ab E:/ATMEL Studio/7.0/Packs/atmel/ATtiny_DFP/1.1.102/gcc/dev/attiny4/avrtiny/crtattiny4.o

.debug_abbrev   0x00000000      0x284
 *(.debug_abbrev)
 .debug_abbrev  0x00000000      0x284 E:/ATMEL Studio/7.0/Packs/atmel/ATtiny_DFP/1.1.102/gcc/dev/attiny4/avrtiny/crtattiny4.o

.debug_line     0x00000000       0xd3
 *(.debug_line .debug_line.* .debug_line_end)
 .debug_line    0x00000000       0xd3 E:/ATMEL Studio/7.0/Packs/atmel/ATtiny_DFP/1.1.102/gcc/dev/attiny4/avrtiny/crtattiny4.o

.debug_frame
 *(.debug_frame)

.debug_str      0x00000000       0xf6
 *(.debug_str)
 .debug_str     0x00000000       0xf6 E:/ATMEL Studio/7.0/Packs/atmel/ATtiny_DFP/1.1.102/gcc/dev/attiny4/avrtiny/crtattiny4.o

.debug_loc
 *(.debug_loc)

.debug_macinfo
 *(.debug_macinfo)

.debug_weaknames
 *(.debug_weaknames)

.debug_funcnames
 *(.debug_funcnames)

.debug_typenames
 *(.debug_typenames)

.debug_varnames
 *(.debug_varnames)

.debug_pubtypes
 *(.debug_pubtypes)

.debug_ranges
 *(.debug_ranges)

.debug_macro
 *(.debug_macro)
OUTPUT(ATtiny4 code.elf elf32-avr)
LOAD linker stubs
